// Jest Snapshot v1, https://goo.gl/fbAQLP

exports[`[PieChart] renders without crashing 1`] = `null`;
